Microchip MPLAB XC8 Compiler V2.46

Linker command line:

-W-3 \
  --edf=C:\Program Files\Microchip\xc8\v2.46\pic\dat\20240104201356_en.msgs \
  -cn -h+dist/default/debug\ASURT_Collesion_Avoidance_System.debug.sym \
  --cmf=dist/default/debug\ASURT_Collesion_Avoidance_System.debug.cmf -z \
  -Q18F4620 -oC:\Users\Dell\AppData\Local\Temp\xcAs8fo.\driver_tmp_3.o \
  --defsym=__MPLAB_BUILD=1 --fixupoverflow=error \
  -Mdist/default/debug/ASURT_Collesion_Avoidance_System.debug.map \
  --md=C:\Users\Dell\AppData\Local\Temp\xcAs8fo.\driver_tmp_0.dat -E1 \
  -ver=XC8 Compiler --acfsm=1493 -ACODE=00h-0FFFFh -ACONST=00h-0FFFFh \
  -ASMALLCONST=01000h-010FFhx240 -AMEDIUMCONST=01000h-0FFFFh \
  -ACOMRAM=01h-07Fh -AABS1=00h-0F7Fh -ABIGRAM=01h-0F7Fh \
  -ARAM=080h-0FFh,0100h-01FFhx14,0F00h-0F7Fh -ABANK0=080h-0FFh \
  -ABANK1=0100h-01FFh -ABANK2=0200h-02FFh -ABANK3=0300h-03FFh \
  -ABANK4=0400h-04FFh -ABANK5=0500h-05FFh -ABANK6=0600h-06FFh \
  -ABANK7=0700h-07FFh -ABANK8=0800h-08FFh -ABANK9=0900h-09FFh \
  -ABANK10=0A00h-0AFFh -ABANK11=0B00h-0BFFh -ABANK12=0C00h-0CFFh \
  -ABANK13=0D00h-0DFFh -ABANK14=0E00h-0EFFh -ABANK15=0F00h-0F7Fh \
  -ASFR=0F80h-0FFFh -ABIGSFR=0F80h-0FFFh -ACONFIG=0300000h-030000Dh \
  -AIDLOC=0200000h-0200007h -AEEDATA=0F00000h-0F003FFh -peeprom_data=EEDATA \
  -preset_vec=00h,intcode=8h,intcodelo,powerup,init -pramtop=01000h \
  -psmallconst=SMALLCONST -pmediumconst=MEDIUMCONST -pconst=CONST \
  -AFARRAM=00h-00h \
  -prdata=COMRAM,nvrram=COMRAM,nvbit=COMRAM,rbss=COMRAM,rbit=COMRAM \
  -pfarbss=FARRAM,fardata=FARRAM,nvFARRAM=FARRAM \
  -pintsave_regs=BIGRAM,bigbss=BIGRAM,bigdata=BIGRAM -pbss=RAM \
  -pidata=CODE,irdata=CODE,ibigdata=CODE,ifardata=CODE -prparam=COMRAM \
  C:\Users\Dell\AppData\Local\Temp\xcAs8fo.\driver_tmp_9.o \
  dist/default/debug\ASURT_Collesion_Avoidance_System.debug.o 

Object code version is 3.11

Machine type is 18F4620



                Name                               Link     Load   Length Selector   Space Scale
C:\Users\Dell\AppData\Local\Temp\xcAs8fo.\driver_tmp_9.o
                config                           300000   300000        E        0       4
                init                                  E        E        4        4       0
                reset_vec                             0        0        4        0       0
dist/default/debug\ASURT_Collesion_Avoidance_System.debug.o
                intcode                               8        8        6        4       0
                config                           300000   300000        E        0       4
                temp                                 6F       6F        1        1       1
                smallconst                         1000     1000        2      800       0
                text39                             2EE6     2EE6        4      801       0
                text38                             2EEA     2EEA        2      801       0
                text37                             2EE2     2EE2        4      801       0
                text36                             2EDE     2EDE        4      801       0
                text35                             2EDA     2EDA        4      801       0
                text34                             2ED6     2ED6        4      801       0
                text33                             2E88     2E88       1A      801       0
                text32                             2E6E     2E6E       1A      801       0
                text31                             2E54     2E54       1A      801       0
                text30                             2E3A     2E3A       1A      801       0
                text29                             28BA     28BA       82      801       0
                text28                             2A94     2A94       6A      801       0
                text27                             2474     2474      10A      801       0
                text26                             2A26     2A26       6E      801       0
                text25                             2D6E     2D6E       3A      801       0
                text24                             2DA8     2DA8       38      801       0
                intcode_body                       1D60     1D60      336      801       0
                text22                             2CB2     2CB2       48      801       0
                text21                             2E14     2E14       26      801       0
                text20                             224A     224A      116      801       0
                text19                             2360     2360      114      801       0
                text18                             2B66     2B66       62      801       0
                text17                             29B2     29B2       74      801       0
                text16                             2EB4     2EB4       12      801       0
                text15                             2684     2684       E6      801       0
                text14                             276A     276A       C2      801       0
                text13                             1504     1504      4C2      801       0
                text12                             19C6     19C6      39A      801       0
                text11                             257E     257E      106      801       0
                text10                             2096     2096      1B4      801       0
                text9                              1002     1002      502      801       0
                text8                              2C1A     2C1A       4E      801       0
                text7                              293C     293C       76      801       0
                text6                              2BC8     2BC8       52      801       0
                text5                              2D34     2D34       3A      801       0
                text4                              282C     282C       8E      801       0
                text3                              2EA2     2EA2       12      801       0
                text2                              2EC6     2EC6        A      801       0
                text1                              2C68     2C68       4A      801       0
                text0                              2CFA     2CFA       3A      801       0
                cstackCOMRAM                          1        1       45        1       1
                cstackBANK0                          B4       B4       10       80       1
                dataBANK0                            80       80       34       80       1
                bssBANK0                             C4       C4        6       80       1
                dataCOMRAM                           69       69        6        1       1
                bssCOMRAM                            46       46       23        1       1
                cinit                              2AFE     2AFE       68      801       0
                idataBANK0                         2DE0     2DE0       34      801       0
                idataCOMRAM                        2ED0     2ED0        6      801       0

TOTAL           Name                               Link     Load   Length     Space
        CLASS   CODE           
                intcode                               8        8        6         0
                init                                  E        E        4         0
                reset_vec                             0        0        4         0
                text39                             2EE6     2EE6        4         0
                text38                             2EEA     2EEA        2         0
                text37                             2EE2     2EE2        4         0
                text36                             2EDE     2EDE        4         0
                text35                             2EDA     2EDA        4         0
                text34                             2ED6     2ED6        4         0
                text33                             2E88     2E88       1A         0
                text32                             2E6E     2E6E       1A         0
                text31                             2E54     2E54       1A         0
                text30                             2E3A     2E3A       1A         0
                text29                             28BA     28BA       82         0
                text28                             2A94     2A94       6A         0
                text27                             2474     2474      10A         0
                text26                             2A26     2A26       6E         0
                text25                             2D6E     2D6E       3A         0
                text24                             2DA8     2DA8       38         0
                intcode_body                       1D60     1D60      336         0
                text22                             2CB2     2CB2       48         0
                text21                             2E14     2E14       26         0
                text20                             224A     224A      116         0
                text19                             2360     2360      114         0
                text18                             2B66     2B66       62         0
                text17                             29B2     29B2       74         0
                text16                             2EB4     2EB4       12         0
                text15                             2684     2684       E6         0
                text14                             276A     276A       C2         0
                text13                             1504     1504      4C2         0
                text12                             19C6     19C6      39A         0
                text11                             257E     257E      106         0
                text10                             2096     2096      1B4         0
                text9                              1002     1002      502         0
                text8                              2C1A     2C1A       4E         0
                text7                              293C     293C       76         0
                text6                              2BC8     2BC8       52         0
                text5                              2D34     2D34       3A         0
                text4                              282C     282C       8E         0
                text3                              2EA2     2EA2       12         0
                text2                              2EC6     2EC6        A         0
                text1                              2C68     2C68       4A         0
                text0                              2CFA     2CFA       3A         0
                cinit                              2AFE     2AFE       68         0
                idataBANK0                         2DE0     2DE0       34         0
                idataCOMRAM                        2ED0     2ED0        6         0

        CLASS   CONST          

        CLASS   SMALLCONST     
                smallconst                         1000     1000        2         0

        CLASS   MEDIUMCONST    

        CLASS   COMRAM         
                temp                                 6F       6F        1         1
                cstackCOMRAM                          1        1       45         1
                dataCOMRAM                           69       69        6         1
                bssCOMRAM                            46       46       23         1

        CLASS   ABS1           

        CLASS   BIGRAM         

        CLASS   RAM            

        CLASS   BANK0          
                cstackBANK0                          B4       B4       10         1
                dataBANK0                            80       80       34         1
                bssBANK0                             C4       C4        6         1

        CLASS   BANK1          

        CLASS   BANK2          

        CLASS   BANK3          

        CLASS   BANK4          

        CLASS   BANK5          

        CLASS   BANK6          

        CLASS   BANK7          

        CLASS   BANK8          

        CLASS   BANK9          

        CLASS   BANK10         

        CLASS   BANK11         

        CLASS   BANK12         

        CLASS   BANK13         

        CLASS   BANK14         

        CLASS   BANK15         

        CLASS   SFR            

        CLASS   BIGSFR         

        CLASS   CONFIG         
                config                           300000   300000        E         4

        CLASS   IDLOC          

        CLASS   EEDATA         

        CLASS   FARRAM         

        CLASS   HEAP           

        CLASS   STACK          



SEGMENTS        Name                           Load    Length   Top    Selector   Space  Class

                reset_vec                      000000  000004  000004         0       0  CODE    
                cstackCOMRAM                   000001  00006F  000070         1       1  COMRAM  
                intcode                        000008  00000A  000012         4       0  CODE    
                dataBANK0                      000080  00004A  0000CA        80       1  BANK0   
                smallconst                     001000  000002  001002       800       0  SMALLCON
                text9                          001002  001EEA  002EEC       801       0  CODE    


UNUSED ADDRESS RANGES

        Name                Unused          Largest block    Delta
        BANK0            0000CA-0000FF               36
        BANK1            000100-0001FF              100
        BANK10           000A00-000AFF              100
        BANK11           000B00-000BFF              100
        BANK12           000C00-000CFF              100
        BANK13           000D00-000DFF              100
        BANK14           000E00-000EFF              100
        BANK15           000F00-000F7F               80
        BANK2            000200-0002FF              100
        BANK3            000300-0003FF              100
        BANK4            000400-0004FF              100
        BANK5            000500-0005FF              100
        BANK6            000600-0006FF              100
        BANK7            000700-0007FF              100
        BANK8            000800-0008FF              100
        BANK9            000900-0009FF              100
        BIGRAM           000070-00007F               10
                         0000CA-000F7F              EB6
        BIGSFR           000F80-000FFF               80
        CODE             000004-000007                4
                         000012-000FFF              FEE
                         002EEC-00FFFF             D114
        COMRAM           000070-00007F               10
        CONST            000004-000007                4
                         000012-000FFF              FEE
                         002EEC-00FFFF             D114
        EEDATA           F00000-F003FF              400
        IDLOC            200000-200007                8
        MEDIUMCONST      002EEC-00FFFF             D114
        RAM              0000CA-000F7F              100
        SFR              000F80-000FFF               80
        SMALLCONST       002EEC-00FFFF              100

                                  Symbol Table

?___fladd                                   cstackCOMRAM 000038
?___fldiv                                   cstackCOMRAM 00001F
?___fltol                                   cstackCOMRAM 000011
?___wmul                                    cstackCOMRAM 000011
?___xxtofl                                  cstackCOMRAM 000011
EUSART_ASYNC_Init@_eusart_obj               cstackCOMRAM 000045
EUSART_ASYNC_Init@retVal                    cstackBANK0  0000C3
EUSART_ASYNC_RX_Init@_eusart_obj            cstackCOMRAM 000011
EUSART_ASYNC_RX_Init@retVal                 cstackCOMRAM 000012
EUSART_ASYNC_Read_Byte_Blocking@_data       cstackCOMRAM 000012
EUSART_ASYNC_Read_Byte_Blocking@_eusart_obj cstackCOMRAM 000011
EUSART_ASYNC_Read_Byte_Blocking@retVal      cstackCOMRAM 000013
EUSART_ASYNC_TX_Init@_eusart_obj            cstackCOMRAM 000011
EUSART_ASYNC_TX_Init@retVal                 cstackCOMRAM 000012
EUSART_Baud_Rate_Calculation@_eusart_obj    cstackCOMRAM 000044
EUSART_Baud_Rate_Calculation@baud_rate_temp cstackBANK0  0000BB
EUSART_Baud_Rate_Calculation@retVal         cstackBANK0  0000BA
RB4_ISR@RB4_Source                          cstackCOMRAM 000001
RB5_ISR@RB5_Source                          cstackCOMRAM 000001
RB6_ISR@RB6_Source                          cstackCOMRAM 000001
RB7_ISR@RB7_Source                          cstackCOMRAM 000001
_ADCON0bits                                 (abs)        000FC2
_ADCON1bits                                 (abs)        000FC1
_ADCON2bits                                 (abs)        000FC0
_ADC_ISR                                    text39       002EE6
_ADC_InterruptHandler                       bssCOMRAM    000062
_ADRESH                                     (abs)        000FC4
_ADRESL                                     (abs)        000FC3
_BAUDCONbits                                (abs)        000FB8
_EUSART_ASYNC_Init                          text8        002C1A
_EUSART_ASYNC_RX_Init                       text15       002684
_EUSART_ASYNC_Read_Byte_Blocking            text22       002CB2
_EUSART_ASYNC_TX_Init                       text14       00276A
_EUSART_Baud_Rate_Calculation               text9        001002
_EUSART_Baud_Rate_Calculation$2901          cstackBANK0  0000BF
_EUSART_FramingErrorHandler                 bssCOMRAM    00005C
_EUSART_OverrunErrorHandler                 bssCOMRAM    00005A
_EUSART_RxInterruptHandler                  bssCOMRAM    00005E
_EUSART_Rx_ISR                              text38       002EEA
_EUSART_TxInterruptHandler                  bssCOMRAM    000060
_EUSART_Tx_ISR                              text37       002EE2
_INT0_ISR                                   text36       002EDE
_INT0_InterruptHandler                      bssCOMRAM    000058
_INT1_ISR                                   text35       002EDA
_INT1_InterruptHandler                      bssCOMRAM    000056
_INT2_ISR                                   text34       002ED6
_INT2_InterruptHandler                      bssCOMRAM    000054
_INTCON2bits                                (abs)        000FF1
_INTCON3bits                                (abs)        000FF0
_INTCONbits                                 (abs)        000FF2
_InterruptManagerHigh                       intcode      000008
_LATA                                       (abs)        000F89
_LATB                                       (abs)        000F8A
_LATC                                       (abs)        000F8B
_LATD                                       (abs)        000F8C
_LATE                                       (abs)        000F8D
_PIE1bits                                   (abs)        000F9D
_PIR1bits                                   (abs)        000F9E
_PORTA                                      (abs)        000F80
_PORTB                                      (abs)        000F81
_PORTBbits                                  (abs)        000F81
_PORTC                                      (abs)        000F82
_PORTD                                      (abs)        000F83
_PORTE                                      (abs)        000F84
_RB4_ISR                                    text33       002E88
_RB4_InterruptHandler_HIGH                  bssCOMRAM    000052
_RB4_InterruptHandler_LOW                   bssCOMRAM    000050
_RB4_flag                                   dataCOMRAM   00006C
_RB5_ISR                                    text32       002E6E
_RB5_InterruptHandler_HIGH                  bssCOMRAM    00004E
_RB5_InterruptHandler_LOW                   bssCOMRAM    00004C
_RB5_flag                                   dataCOMRAM   00006B
_RB6_ISR                                    text31       002E54
_RB6_InterruptHandler_HIGH                  bssCOMRAM    00004A
_RB6_InterruptHandler_LOW                   bssBANK0     0000C8
_RB6_flag                                   dataCOMRAM   00006A
_RB7_ISR                                    text30       002E3A
_RB7_InterruptHandler_HIGH                  bssBANK0     0000C6
_RB7_InterruptHandler_LOW                   bssBANK0     0000C4
_RB7_flag                                   dataCOMRAM   000069
_RCREG                                      (abs)        000FAE
_RCSTAbits                                  (abs)        000FAB
_SPBRG                                      (abs)        000FAF
_SPBRGH                                     (abs)        000FB0
_T0CONbits                                  (abs)        000FD5
_TMR0H                                      (abs)        000FD7
_TMR0L                                      (abs)        000FD6
_TMR0_ISR                                   text24       002DA8
_TMR0_InterruptHandler                      bssCOMRAM    000048
_TRISA                                      (abs)        000F92
_TRISB                                      (abs)        000F93
_TRISC                                      (abs)        000F94
_TRISCbits                                  (abs)        000F94
_TRISD                                      (abs)        000F95
_TRISE                                      (abs)        000F96
_TXREG                                      (abs)        000FAD
_TXSTAbits                                  (abs)        000FAC
_Timer0_DefaultInterruptHandler             text25       002D6E
_Timer0_preload                             bssCOMRAM    000046
__HRAM                                      (abs)        000000
__H__absolute__                             __absolute__ 000000
__Habs1                                     abs1         000000
__Hbank0                                    bank0        000000
__Hbank1                                    bank1        000000
__Hbank10                                   bank10       000000
__Hbank11                                   bank11       000000
__Hbank12                                   bank12       000000
__Hbank13                                   bank13       000000
__Hbank14                                   bank14       000000
__Hbank15                                   bank15       000000
__Hbank2                                    bank2        000000
__Hbank3                                    bank3        000000
__Hbank4                                    bank4        000000
__Hbank5                                    bank5        000000
__Hbank6                                    bank6        000000
__Hbank7                                    bank7        000000
__Hbank8                                    bank8        000000
__Hbank9                                    bank9        000000
__Hbigbss                                   bigbss       000000
__Hbigdata                                  bigdata      000000
__Hbigram                                   bigram       000000
__Hbigsfr                                   bigsfr       000000
__Hbss                                      bss          000000
__HbssBANK0                                 bssBANK0     000000
__HbssCOMRAM                                bssCOMRAM    000000
__Hcinit                                    cinit        000000
__Hclrtext                                  clrtext      000000
__Hcomram                                   comram       000000
__Hconfig                                   config       30000E
__Hconst                                    const        000000
__HcstackBANK0                              cstackBANK0  000000
__HcstackCOMRAM                             cstackCOMRAM 000000
__Hdata                                     data         000000
__HdataBANK0                                dataBANK0    000000
__HdataCOMRAM                               dataCOMRAM   000000
__Heeprom_data                              eeprom_data  000000
__Hfarbss                                   farbss       000000
__Hfardata                                  fardata      000000
__Hheap                                     heap         000000
__Hibigdata                                 ibigdata     000000
__Hidata                                    idata        000000
__HidataBANK0                               idataBANK0   000000
__HidataCOMRAM                              idataCOMRAM  000000
__Hidloc                                    idloc        000000
__Hifardata                                 ifardata     000000
__Hinit                                     init         000012
__Hintcode                                  intcode      00000E
__Hintcode_body                             intcode_body 000000
__Hintcodelo                                intcodelo    00000E
__Hintentry                                 intentry     000000
__Hintret                                   intret       000000
__Hintsave_regs                             intsave_regs 000000
__Hirdata                                   irdata       000000
__Hmediumconst                              mediumconst  000000
__HnvFARRAM                                 nvFARRAM     000000
__Hnvbit                                    nvbit        000000
__Hnvrram                                   nvrram       000000
__Hparam                                    rparam       000000
__Hpowerup                                  powerup      00000E
__Hram                                      ram          000000
__Hramtop                                   ramtop       001000
__Hrbit                                     rbit         000000
__Hrbss                                     rbss         000000
__Hrdata                                    rdata        000000
__Hreset_vec                                reset_vec    000004
__Hrparam                                   rparam       000000
__Hsfr                                      sfr          000000
__Hsivt_hi                                  sivt_hi      000000
__Hsivt_lo                                  sivt_lo      000000
__Hsmallconst                               smallconst   001002
__Hspace_0                                  (abs)        002EEC
__Hspace_1                                  (abs)        0000CA
__Hspace_2                                  (abs)        000000
__Hspace_4                                  (abs)        60000E
__Hstack                                    stack        000000
__Hstruct                                   struct       000000
__Htemp                                     temp         000070
__Htext                                     text         000000
__Htext0                                    text0        000000
__Htext1                                    text1        000000
__Htext10                                   text10       000000
__Htext11                                   text11       000000
__Htext12                                   text12       000000
__Htext13                                   text13       000000
__Htext14                                   text14       000000
__Htext15                                   text15       000000
__Htext16                                   text16       000000
__Htext17                                   text17       000000
__Htext18                                   text18       000000
__Htext19                                   text19       000000
__Htext2                                    text2        000000
__Htext20                                   text20       000000
__Htext21                                   text21       000000
__Htext22                                   text22       000000
__Htext24                                   text24       000000
__Htext25                                   text25       000000
__Htext26                                   text26       000000
__Htext27                                   text27       000000
__Htext28                                   text28       000000
__Htext29                                   text29       000000
__Htext3                                    text3        000000
__Htext30                                   text30       000000
__Htext31                                   text31       000000
__Htext32                                   text32       000000
__Htext33                                   text33       000000
__Htext34                                   text34       000000
__Htext35                                   text35       000000
__Htext36                                   text36       000000
__Htext37                                   text37       000000
__Htext38                                   text38       000000
__Htext39                                   text39       000000
__Htext4                                    text4        000000
__Htext5                                    text5        000000
__Htext6                                    text6        000000
__Htext7                                    text7        000000
__Htext8                                    text8        000000
__Htext9                                    text9        000000
__LRAM                                      (abs)        000001
__L__absolute__                             __absolute__ 000000
__Labs1                                     abs1         000000
__Lbank0                                    bank0        000000
__Lbank1                                    bank1        000000
__Lbank10                                   bank10       000000
__Lbank11                                   bank11       000000
__Lbank12                                   bank12       000000
__Lbank13                                   bank13       000000
__Lbank14                                   bank14       000000
__Lbank15                                   bank15       000000
__Lbank2                                    bank2        000000
__Lbank3                                    bank3        000000
__Lbank4                                    bank4        000000
__Lbank5                                    bank5        000000
__Lbank6                                    bank6        000000
__Lbank7                                    bank7        000000
__Lbank8                                    bank8        000000
__Lbank9                                    bank9        000000
__Lbigbss                                   bigbss       000000
__Lbigdata                                  bigdata      000000
__Lbigram                                   bigram       000000
__Lbigsfr                                   bigsfr       000000
__Lbss                                      bss          000000
__LbssBANK0                                 bssBANK0     000000
__LbssCOMRAM                                bssCOMRAM    000000
__Lcinit                                    cinit        000000
__Lclrtext                                  clrtext      000000
__Lcomram                                   comram       000000
__Lconfig                                   config       000000
__Lconst                                    const        000000
__LcstackBANK0                              cstackBANK0  000000
__LcstackCOMRAM                             cstackCOMRAM 000000
__Ldata                                     data         000000
__LdataBANK0                                dataBANK0    000000
__LdataCOMRAM                               dataCOMRAM   000000
__Leeprom_data                              eeprom_data  000000
__Lfarbss                                   farbss       000000
__Lfardata                                  fardata      000000
__Lheap                                     heap         000000
__Libigdata                                 ibigdata     000000
__Lidata                                    idata        000000
__LidataBANK0                               idataBANK0   000000
__LidataCOMRAM                              idataCOMRAM  000000
__Lidloc                                    idloc        000000
__Lifardata                                 ifardata     000000
__Linit                                     init         00000E
__Lintcode                                  intcode      000008
__Lintcode_body                             intcode_body 000000
__Lintcodelo                                intcodelo    00000E
__Lintentry                                 intentry     000000
__Lintret                                   intret       000000
__Lintsave_regs                             intsave_regs 000000
__Lirdata                                   irdata       000000
__Lmediumconst                              mediumconst  000000
__LnvFARRAM                                 nvFARRAM     000000
__Lnvbit                                    nvbit        000000
__Lnvrram                                   nvrram       000000
__Lparam                                    rparam       000000
__Lpowerup                                  powerup      00000E
__Lram                                      ram          000000
__Lramtop                                   ramtop       001000
__Lrbit                                     rbit         000000
__Lrbss                                     rbss         000000
__Lrdata                                    rdata        000000
__Lreset_vec                                reset_vec    000000
__Lrparam                                   rparam       000000
__Lsfr                                      sfr          000000
__Lsivt_hi                                  sivt_hi      000000
__Lsivt_lo                                  sivt_lo      000000
__Lsmallconst                               smallconst   001000
__Lspace_0                                  (abs)        000000
__Lspace_1                                  (abs)        000000
__Lspace_2                                  (abs)        000000
__Lspace_4                                  (abs)        000000
__Lstack                                    stack        000000
__Lstruct                                   struct       000000
__Ltemp                                     temp         00006F
__Ltext                                     text         000000
__Ltext0                                    text0        000000
__Ltext1                                    text1        000000
__Ltext10                                   text10       000000
__Ltext11                                   text11       000000
__Ltext12                                   text12       000000
__Ltext13                                   text13       000000
__Ltext14                                   text14       000000
__Ltext15                                   text15       000000
__Ltext16                                   text16       000000
__Ltext17                                   text17       000000
__Ltext18                                   text18       000000
__Ltext19                                   text19       000000
__Ltext2                                    text2        000000
__Ltext20                                   text20       000000
__Ltext21                                   text21       000000
__Ltext22                                   text22       000000
__Ltext24                                   text24       000000
__Ltext25                                   text25       000000
__Ltext26                                   text26       000000
__Ltext27                                   text27       000000
__Ltext28                                   text28       000000
__Ltext29                                   text29       000000
__Ltext3                                    text3        000000
__Ltext30                                   text30       000000
__Ltext31                                   text31       000000
__Ltext32                                   text32       000000
__Ltext33                                   text33       000000
__Ltext34                                   text34       000000
__Ltext35                                   text35       000000
__Ltext36                                   text36       000000
__Ltext37                                   text37       000000
__Ltext38                                   text38       000000
__Ltext39                                   text39       000000
__Ltext4                                    text4        000000
__Ltext5                                    text5        000000
__Ltext6                                    text6        000000
__Ltext7                                    text7        000000
__Ltext8                                    text8        000000
__Ltext9                                    text9        000000
__S0                                        (abs)        002EEC
__S1                                        (abs)        0000CA
__S4                                        (abs)        000000
__S5                                        (abs)        000000
___fladd                                    text13       001504
___fladd@a                                  cstackCOMRAM 00003C
___fladd@aexp                               cstackBANK0  0000B5
___fladd@b                                  cstackCOMRAM 000038
___fladd@bexp                               cstackBANK0  0000B6
___fladd@grs                                cstackBANK0  0000B7
___fladd@signs                              cstackBANK0  0000B4
___fldiv                                    text12       0019C6
___fldiv@a                                  cstackCOMRAM 000023
___fldiv@aexp                               cstackCOMRAM 000037
___fldiv@b                                  cstackCOMRAM 00001F
___fldiv@bexp                               cstackCOMRAM 000036
___fldiv@grs                                cstackCOMRAM 000032
___fldiv@new_exp                            cstackCOMRAM 000030
___fldiv@rem                                cstackCOMRAM 00002B
___fldiv@sign                               cstackCOMRAM 00002F
___fltol                                    text11       00257E
___fltol@exp1                               cstackCOMRAM 00001A
___fltol@f1                                 cstackCOMRAM 000011
___fltol@sign1                              cstackCOMRAM 000019
___heap_hi                                  (abs)        000000
___heap_lo                                  (abs)        000000
___inthi_sp                                 stack        000000
___inthi_stack_hi                           stack        000000
___inthi_stack_lo                           stack        000000
___intlo_sp                                 stack        000000
___intlo_stack_hi                           stack        000000
___intlo_stack_lo                           stack        000000
___param_bank                               (abs)        000000
___rparam_used                              (abs)        000001
___sp                                       stack        000000
___stack_hi                                 stack        000000
___stack_lo                                 stack        000000
___wmul                                     text21       002E14
___wmul@multiplicand                        cstackCOMRAM 000013
___wmul@multiplier                          cstackCOMRAM 000011
___wmul@product                             cstackCOMRAM 000015
___xxtofl                                   text10       002096
___xxtofl@arg                               cstackCOMRAM 00001B
___xxtofl@exp                               cstackCOMRAM 00001A
___xxtofl@sign                              cstackCOMRAM 000019
___xxtofl@val                               cstackCOMRAM 000011
__accesstop                                 (abs)        000080
__activetblptr                              (abs)        000002
__end_of_ADC_ISR                            text39       002EEA
__end_of_EUSART_ASYNC_Init                  text8        002C68
__end_of_EUSART_ASYNC_RX_Init               text15       00276A
__end_of_EUSART_ASYNC_Read_Byte_Blocking    text22       002CFA
__end_of_EUSART_ASYNC_TX_Init               text14       00282C
__end_of_EUSART_Baud_Rate_Calculation       text9        001504
__end_of_EUSART_Rx_ISR                      text38       002EEC
__end_of_EUSART_Tx_ISR                      text37       002EE6
__end_of_INT0_ISR                           text36       002EE2
__end_of_INT1_ISR                           text35       002EDE
__end_of_INT2_ISR                           text34       002EDA
__end_of_InterruptManagerHigh               intcode_body 002096
__end_of_RB4_ISR                            text33       002EA2
__end_of_RB5_ISR                            text32       002E88
__end_of_RB6_ISR                            text31       002E6E
__end_of_RB7_ISR                            text30       002E54
__end_of_TMR0_ISR                           text24       002DE0
__end_of_Timer0_DefaultInterruptHandler     text25       002DA8
__end_of___fladd                            text13       0019C6
__end_of___fldiv                            text12       001D60
__end_of___fltol                            text11       002684
__end_of___wmul                             text21       002E3A
__end_of___xxtofl                           text10       00224A
__end_of__initialization                    cinit        002B58
__end_of_application_initialize             text2        002ED0
__end_of_ecu_layer_initialize               text16       002EC6
__end_of_gpio_pin_direction_initialize      text20       002360
__end_of_gpio_pin_initialize                text18       002BC8
__end_of_gpio_pin_toggle_logic              text29       00293C
__end_of_gpio_pin_write_logic               text19       002474
__end_of_led_initialize                     text17       002A26
__end_of_led_toggle                         text28       002AFE
__end_of_led_turn_off                       text26       002A94
__end_of_main                               text0        002D34
__end_of_mcal_layer_initialize              text3        002EB4
__end_of_timer0_initialize                  text4        0028BA
__end_of_timer0_mode_select                 text7        0029B2
__end_of_timer0_prescaler_cfg               text6        002C1A
__end_of_timer0_register_size_cfg           text5        002D6E
__end_of_timer0_write_value                 text1        002CB2
__end_ofi2_gpio_pin_write_logic             text27       00257E
__initialization                            cinit        002AFE
__mediumconst                               mediumconst  000000
__pbssBANK0                                 bssBANK0     0000C4
__pbssCOMRAM                                bssCOMRAM    000046
__pcinit                                    cinit        002AFE
__pcstackBANK0                              cstackBANK0  0000B4
__pcstackCOMRAM                             cstackCOMRAM 000001
__pdataBANK0                                dataBANK0    000080
__pdataCOMRAM                               dataCOMRAM   000069
__pidataBANK0                               idataBANK0   002DE0
__pidataCOMRAM                              idataCOMRAM  002ED0
__pintcode                                  intcode      000008
__pintcode_body                             intcode_body 001D60
__psmallconst                               smallconst   001000
__ptext0                                    text0        002CFA
__ptext1                                    text1        002C68
__ptext10                                   text10       002096
__ptext11                                   text11       00257E
__ptext12                                   text12       0019C6
__ptext13                                   text13       001504
__ptext14                                   text14       00276A
__ptext15                                   text15       002684
__ptext16                                   text16       002EB4
__ptext17                                   text17       0029B2
__ptext18                                   text18       002B66
__ptext19                                   text19       002360
__ptext2                                    text2        002EC6
__ptext20                                   text20       00224A
__ptext21                                   text21       002E14
__ptext22                                   text22       002CB2
__ptext24                                   text24       002DA8
__ptext25                                   text25       002D6E
__ptext26                                   text26       002A26
__ptext27                                   text27       002474
__ptext28                                   text28       002A94
__ptext29                                   text29       0028BA
__ptext3                                    text3        002EA2
__ptext30                                   text30       002E3A
__ptext31                                   text31       002E54
__ptext32                                   text32       002E6E
__ptext33                                   text33       002E88
__ptext34                                   text34       002ED6
__ptext35                                   text35       002EDA
__ptext36                                   text36       002EDE
__ptext37                                   text37       002EE2
__ptext38                                   text38       002EEA
__ptext39                                   text39       002EE6
__ptext4                                    text4        00282C
__ptext5                                    text5        002D34
__ptext6                                    text6        002BC8
__ptext7                                    text7        00293C
__ptext8                                    text8        002C1A
__ptext9                                    text9        001002
__ramtop                                    ramtop       001000
__smallconst                                smallconst   001000
_application_initialize                     text2        002EC6
_buzzer                                     dataCOMRAM   00006D
_ecu_layer_initialize                       text16       002EB4
_eusart_1                                   dataBANK0    00009E
_gpio_pin_direction_initialize              text20       00224A
_gpio_pin_initialize                        text18       002B66
_gpio_pin_toggle_logic                      text29       0028BA
_gpio_pin_write_logic                       text19       002360
_lat_registers                              dataBANK0    00008A
_led_1                                      dataCOMRAM   00006E
_led_initialize                             text17       0029B2
_led_toggle                                 text28       002A94
_led_turn_off                               text26       002A26
_main                                       text0        002CFA
_mcal_layer_initialize                      text3        002EA2
_port_registers                             dataBANK0    000080
_timer0_initialize                          text4        00282C
_timer0_mode_select                         text7        00293C
_timer0_obj                                 dataBANK0    0000AE
_timer0_prescaler_cfg                       text6        002BC8
_timer0_register_size_cfg                   text5        002D34
_timer0_write_value                         text1        002C68
_tris_registers                             dataBANK0    000094
_uart_received_data                         bssCOMRAM    000068
btemp                                       temp         00006F
end_of_initialization                       cinit        002B58
gpio_pin_direction_initialize@config        cstackCOMRAM 000011
gpio_pin_direction_initialize@retVal        cstackCOMRAM 000017
gpio_pin_initialize@config                  cstackCOMRAM 000019
gpio_pin_initialize@retVal                  cstackCOMRAM 00001B
gpio_pin_toggle_logic@config                cstackCOMRAM 000001
gpio_pin_write_logic@config                 cstackCOMRAM 000011
gpio_pin_write_logic@logic_status           cstackCOMRAM 000012
gpio_pin_write_logic@retVal                 cstackCOMRAM 000018
i2_gpio_pin_write_logic                     text27       002474
i2gpio_pin_write_logic@config               cstackCOMRAM 000001
i2gpio_pin_write_logic@logic_status         cstackCOMRAM 000002
int$flags                                   temp         00006F
int_func                                    intcode_body 001D60
intlevel0                                   text         000000
intlevel1                                   text         000000
intlevel2                                   text         000000
intlevel3                                   text         000000
isa$std                                     (abs)        000001
isa$xinst                                   (abs)        000000
led_initialize@F3067                        bssCOMRAM    000067
led_initialize@led                          cstackCOMRAM 00001C
led_initialize@pin_obj                      cstackCOMRAM 00001F
led_initialize@retVal                       cstackCOMRAM 00001E
led_toggle@F3082                            bssCOMRAM    000064
led_toggle@led                              cstackCOMRAM 000006
led_toggle@pin_obj                          cstackCOMRAM 000008
led_turn_off@F3077                          bssCOMRAM    000065
led_turn_off@led                            cstackCOMRAM 000008
led_turn_off@pin_obj                        cstackCOMRAM 00000A
led_turn_on@F3072                           bssCOMRAM    000066
stackhi                                     (abs)        000000
stacklo                                     (abs)        000000
start                                       init         00000E
start_initialization                        cinit        002AFE
timer0_initialize@ret                       cstackCOMRAM 000016
timer0_initialize@timer                     cstackCOMRAM 000013
timer0_mode_select@timer                    cstackCOMRAM 000011
timer0_prescaler_cfg@timer                  cstackCOMRAM 000011
timer0_register_size_cfg@timer              cstackCOMRAM 000011
timer0_write_value@ret                      cstackCOMRAM 00001C
timer0_write_value@timer                    cstackCOMRAM 000017
timer0_write_value@value                    cstackCOMRAM 000018
ttemp5                                      temp         000070
ttemp6                                      temp         000073
ttemp7                                      temp         000077
wtemp8                                      temp         000070


MODULE INFORMATION

Module		Function		Class		Link	Load	Size
C:\Program Files\Microchip\xc8\v2.46\pic\sources\c99\common\fltol.c
		___fltol       		CODE           	257E	0000	262

C:\Program Files\Microchip\xc8\v2.46\pic\sources\c99\common\fltol.c estimated size: 262

C:\Program Files\Microchip\xc8\v2.46\pic\sources\c99\common\xxtofl.c
		___xxtofl      		CODE           	2096	0000	436

C:\Program Files\Microchip\xc8\v2.46\pic\sources\c99\common\xxtofl.c estimated size: 436

MCAL_Layer/EUSART/hal_eusart.c
		_EUSART_ASYNC_Read_Byte_Blocking		CODE           	2CB2	0000	72
		_EUSART_Rx_ISR 		CODE           	2EEA	0000	2
		_EUSART_Tx_ISR 		CODE           	2EE2	0000	4
		_EUSART_ASYNC_Init		CODE           	2C1A	0000	78
		_EUSART_ASYNC_RX_Init		CODE           	2684	0000	230
		_EUSART_ASYNC_TX_Init		CODE           	276A	0000	194
		_EUSART_Baud_Rate_Calculation		CODE           	1002	0000	1282

MCAL_Layer/EUSART/hal_eusart.c estimated size: 1862

C:\Program Files\Microchip\xc8\v2.46\pic\sources\c99\common\sprcdiv.c
		___fldiv       		CODE           	19C6	0000	922

C:\Program Files\Microchip\xc8\v2.46\pic\sources\c99\common\sprcdiv.c estimated size: 922

shared
		__initialization		CODE           	2AFE	0000	90
		i2_gpio_pin_write_logic		CODE           	2474	0000	266

shared estimated size: 356

C:\Program Files\Microchip\xc8\v2.46\pic\sources\c99\common\Umul16.c
		___wmul        		CODE           	2E14	0000	38

C:\Program Files\Microchip\xc8\v2.46\pic\sources\c99\common\Umul16.c estimated size: 38

MCAL_Layer/Interrupt/mcal_external_interrupt.c
		_RB4_ISR       		CODE           	2E88	0000	26
		_RB5_ISR       		CODE           	2E6E	0000	26
		_RB6_ISR       		CODE           	2E54	0000	26
		_RB7_ISR       		CODE           	2E3A	0000	26
		_INT0_ISR      		CODE           	2EDE	0000	4
		_INT1_ISR      		CODE           	2EDA	0000	4
		_INT2_ISR      		CODE           	2ED6	0000	4

MCAL_Layer/Interrupt/mcal_external_interrupt.c estimated size: 116

MCAL_Layer/ADC/hal_adc.c
		_ADC_ISR       		CODE           	2EE6	0000	4

MCAL_Layer/ADC/hal_adc.c estimated size: 4

MCAL_Layer/mcal_layer_initialize.c
		_mcal_layer_initialize		CODE           	2EA2	0000	18

MCAL_Layer/mcal_layer_initialize.c estimated size: 18

MCAL_Layer/Interrupt/mcal_interrupt_manager.c
		_InterruptManagerHigh		CODE           	0008	0000	828

MCAL_Layer/Interrupt/mcal_interrupt_manager.c estimated size: 828

MCAL_Layer/GPIO/hal_gpio.c
		_gpio_pin_write_logic		CODE           	2360	0000	276
		_gpio_pin_direction_initialize		CODE           	224A	0000	278
		_gpio_pin_toggle_logic		CODE           	28BA	0000	130
		_gpio_pin_initialize		CODE           	2B66	0000	98

MCAL_Layer/GPIO/hal_gpio.c estimated size: 782

ECU_Layer/LED/ecu_led.c
		_led_initialize		CODE           	29B2	0000	116
		_led_turn_off  		CODE           	2A26	0000	110
		_led_toggle    		CODE           	2A94	0000	106

ECU_Layer/LED/ecu_led.c estimated size: 332

C:\Program Files\Microchip\xc8\v2.46\pic\sources\c99\common\sprcadd.c
		___fladd       		CODE           	1504	0000	1218

C:\Program Files\Microchip\xc8\v2.46\pic\sources\c99\common\sprcadd.c estimated size: 1218

ECU_Layer/ecu_layer_initialize.c
		_ecu_layer_initialize		CODE           	2EB4	0000	18

ECU_Layer/ecu_layer_initialize.c estimated size: 18

application.c
		_Timer0_DefaultInterruptHandler		CODE           	2D6E	0000	58
		_application_initialize		CODE           	2EC6	0000	10
		_main          		CODE           	2CFA	0000	58

application.c estimated size: 126

MCAL_Layer/Timer0/hal_timer0.c
		_timer0_mode_select		CODE           	293C	0000	118
		_timer0_register_size_cfg		CODE           	2D34	0000	58
		_timer0_initialize		CODE           	282C	0000	142
		_TMR0_ISR      		CODE           	2DA8	0000	56
		_timer0_prescaler_cfg		CODE           	2BC8	0000	82
		_timer0_write_value		CODE           	2C68	0000	74

MCAL_Layer/Timer0/hal_timer0.c estimated size: 530

